// Jest Snapshot v1, https://goo.gl/fbAQLP

exports[`getResume() The method apiQuery() calling Check arguments of apiQuery() ...packet (to match snapshot) 1`] = `
"
            <Packet>
                <SessionToken>ddafb0de1ce845c5a4cce9db8fb716d8-888888888-AS-4</SessionToken>
                <ResumeID>R2Z6X65W00000003C44</ResumeID>
                <CustAcctCode>CA101</CustAcctCode>
                <GetWordDocIfAvailable>False</GetWordDocIfAvailable>
            </Packet>"
`;

exports[`getResume() if success if got a good CV format 1`] = `
Object {
  "city": "Atlanta",
  "email": "collin.s@test.com",
  "name": "Collin Salomoon",
  "state": "GA",
}
`;

exports[`getResumeList() The method apiQuery() calling Check arguments of apiQuery() ...packet 1`] = `
"
        <Packet>
            <SessionToken>ddafb0de1ce8ccccaccce9db8fb716d8-888888888-AS-4</SessionToken>
            <Keywords>driver OR cashier</Keywords>
            <City>Atlanta</City>
            <State>GA</State>
            <FreshnessInDays>10</FreshnessInDays>
            <RemoveDuplicates>True</RemoveDuplicates>
            <OrderBy>-MODIFIEDINT</OrderBy>
            <PageNumber>1</PageNumber>
            <RowsPerPage>10</RowsPerPage>
        </Packet>"
`;

exports[`getResumeList() if success to match a snapshot 1`] = `
Object {
  "maxPage": 45,
  "page": 1,
  "resumes": Array [
    "RCM21S71G0000000000",
    "RCM21S71G0000000001",
    "RCM21S71G0000000002",
    "RCM21S71G0000000003",
    "RCM21S71G0000000004",
    "RCM21S71G0000000005",
    "RCM21S71G0000000006",
    "RCM21S71G0000000007",
    "RCM21S71G0000000008",
    "RCM21S71G0000000009",
  ],
}
`;

exports[`openSession() method The method apiQuery() calling Check arguments of apiQuery() ...packet 1`] = `"<Packet><Email>test@msn.com</Email><Password>12345</Password></Packet>"`;
